// Vitest Snapshot v1, https://vitest.dev/guide/snapshot.html

exports[`Warning > snapshots > should match snapshot with passed content 1`] = `
<div
  class="cwa:flex cwa:items-start cwa:bg-red-500 cwa:text-white cwa:text-sm cwa:font-bold cwa:px-4 cwa:py-3"
  role="alert"
>

  <div>
    CWA
  </div>

</div>
`;
