// Vitest Snapshot v1, https://vitest.dev/guide/snapshot.html

exports[`Warning > snapshots > should match snapshot with passed content 1`] = `
<div
  class="cwa:p-1.5"
  role="alert"
>
  <div
    class="cwa:flex cwa:items-start cwa:outline-1 cwa:outline-offset-2 cwa:outline-danger-dark cwa:bg-danger-dark cwa:text-white cwa:text-sm cwa:font-bold cwa:px-4 cwa:py-3 cwa:rounded-md"
  >
    
    <div>
      CWA
    </div>
    
  </div>
</div>
`;
