// Vitest Snapshot v1, https://vitest.dev/guide/snapshot.html

exports[`CWA page > snapshots > should NOT display ResourceLoader IF pageIri is NOT defined 1`] = `<!--v-if-->`;

exports[`CWA page > snapshots > should display ResourceLoader component IF pageIri is defined 1`] = `
<resourceloader-stub
  componentprefix="CwaPages"
  iri="12345"
/>
`;
