// Vitest Snapshot v1, https://vitest.dev/guide/snapshot.html

exports[`ComponentGroup > snapshots > should match snapshot IF loader is shown 1`] = `
<div
  class="component-group-placeholder"
>
  <spinner-stub
    show="true"
  />
</div>
`;

exports[`ComponentGroup > snapshots > should match snapshot IF resource is not found 1`] = `<!--v-if-->`;

exports[`ComponentGroup > snapshots > should match snapshot IF there are component positions defined 1`] = `
<div
  data-v-app=""
>
  
  
  <resourceloader-stub
    componentprefix=""
    iri="pos1"
    uicomponent="[object Object]"
  />
  <resourceloader-stub
    componentprefix=""
    iri="pos2"
    uicomponent="[object Object]"
  />
  <resourceloader-stub
    componentprefix=""
    iri="pos3"
    uicomponent="[object Object]"
  />
  
  <!--CWA_MANAGER_END-->
  
</div>
`;

exports[`ComponentGroup > snapshots > should match snapshot IF there are no component positions defined 1`] = `<!--v-if-->`;

exports[`ComponentGroup > snapshots > should match snapshot IF user is logged in but there are no positions 1`] = `
<info-stub>
  <p>
    No component positions in this component group - add functionality coming soon
  </p>
</info-stub>
`;
