// Vitest Snapshot v1, https://vitest.dev/guide/snapshot.html

exports[`ComponentGroup > snapshots > should match snapshot IF loader is shown 1`] = `
<div
  class="component-group-placeholder"
>
  <cwa-utils-spinner-stub
    show="true"
  />
</div>
`;

exports[`ComponentGroup > snapshots > should match snapshot IF resource is not found 1`] = `
<cwa-utils-alert-info-stub>
  <p>
    Component Group does not exist, will automatically add when logged in. Functionality coming soon
  </p>
</cwa-utils-alert-info-stub>
`;

exports[`ComponentGroup > snapshots > should match snapshot IF there are component positions defined 1`] = `
<div
  data-v-app=""
>

  <resource-loader-stub
    componentprefix=""
    iri="pos1"
    uicomponent="[object Object]"
  />
  <resource-loader-stub
    componentprefix=""
    iri="pos2"
    uicomponent="[object Object]"
  />
  <resource-loader-stub
    componentprefix=""
    iri="pos3"
    uicomponent="[object Object]"
  />

</div>
`;

exports[`ComponentGroup > snapshots > should match snapshot IF there are no component positions defined 1`] = `
<cwa-utils-alert-info-stub>
  <p>
    Component Group does not exist, will automatically add when logged in. Functionality coming soon
  </p>
</cwa-utils-alert-info-stub>
`;
