// Vitest Snapshot v1, https://vitest.dev/guide/snapshot.html

exports[`AuthPageLink > snapshots > should match snapshot 1`] = `
<div
  class="cwa:text-sm"
>
  <nuxtlink-stub
    class="cwa:font-medium cwa:text-neutral-400 cwa:hover:text-neutral-200"
    to="/bank/loan"
  >
    Click here to get money
  </nuxtlink-stub>
</div>
`;
