// Vitest Snapshot v1, https://vitest.dev/guide/snapshot.html

exports[`ComponentPosition > snapshots > should match snapshot with ResourceLoader component with componentIri 1`] = `
<div
  data-v-app=""
>
  
  <resourceloader-stub
    componentprefix="CwaComponents"
    iri="test"
  />
  <!--CWA_MANAGER_END-->
  
</div>
`;
