// Vitest Snapshot v1, https://vitest.dev/guide/snapshot.html

exports[`ComponentPosition > snapshots > should match snapshot with ResourceLoader component with componentIri 1`] = `
<div
  data-v-app=""
>
  
  <!--CWA_MANAGER_START_POSITION-->
  <resourceloader-stub
    componentprefix="CwaComponent"
    iri="test"
  />
  <!--CWA_MANAGER_END_POSITION-->
  
</div>
`;
